// Jest Snapshot v1, https://goo.gl/fbAQLP

exports[`test cahiers list should render an array of cahiers list 1`] = `undefined`;
